
> starter_helpi@0.1.0 test
> react-scripts test --coverage

FAIL src/App.test.tsx
  ✕ renders learn react link (76 ms)

  ● renders learn react link

    TestingLibraryElementError: Unable to find an element with the text: /learn react/i. This could be because the text is broken up by multiple elements. In this case, you can provide a function for your text matcher to make your matcher more flexible.

    Ignored nodes: comments, script, style
    [36m<body>[39m
      [36m<div>[39m
        [36m<div[39m
          [33mclass[39m=[32m"App"[39m
        [36m>[39m
          [36m<div[39m
            [33mclass[39m=[32m"Container"[39m
          [36m>[39m
            [36m<div[39m
              [33mclass[39m=[32m"Title"[39m
            [36m>[39m
              [36m<h1>[39m
                [0mSelect A Quiz:[0m
              [36m</h1>[39m
            [36m</div>[39m
            [36m<div[39m
              [33mclass[39m=[32m"Both-boxes"[39m
            [36m>[39m
              [36m<div[39m
                [33mclass[39m=[32m"card-group"[39m
              [36m>[39m
                [36m<div[39m
                  [33mclass[39m=[32m"card"[39m
                  [33mstyle[39m=[32m"height: 20rem; width: 30vh;"[39m
                [36m>[39m
                  [36m<div[39m
                    [33mclass[39m=[32m"card-header"[39m
                    [33mstyle[39m=[32m"font-size: 18px; font-weight: bold;"[39m
                  [36m>[39m
                    [0mBasic Quiz[0m
                  [36m</div>[39m
                  [36m<div[39m
                    [33mclass[39m=[32m"card-body"[39m
                  [36m>[39m
                    [36m<p[39m
                      [33mclass[39m=[32m"card-text"[39m
                    [36m>[39m
                      [0mIf you're looking for a quick quiz use this choice! A few brief questions with simple answers is all that will be asked to give you an accurate option of the ideal career for you! With the power of AI, your answers will be used to suggest a job that would make you feel fulfilled.[0m
                    [36m</p>[39m
                  [36m</div>[39m
                  [36m<div>[39m
                    [36m<button[39m
                      [33mclass[39m=[32m"btn btn-primary"[39m
                      [33mtype[39m=[32m"button"[39m
                    [36m>[39m
                      [0mTake Quiz![0m
                    [36m</button>[39m
                  [36m</div>[39m
                [36m</div>[39m
                [36m<div[39m
                  [33mclass[39m=[32m"card"[39m
                  [33mstyle[39m=[32m"height: 20rem; width: 30vh;"[39m
                [36m>[39m
                  [36m<div[39m
                    [33mclass[39m=[32m"card-header"[39m
                    [33mstyle[39m=[32m"font-size: 18px; font-weight: bold;"[39m
                  [36m>[39m
                    [0mDetailed Quiz[0m
                  [36m</div>[39m
                  [36m<div[39m
                    [33mclass[39m=[32m"card-body"[39m
                  [36m>[39m
                    [36m<p[39m
                      [33mclass[39m=[32m"card-text"[39m
                    [36m>[39m
                      [0mIf you have time and want a more refined answer choose this quiz! You will be asked more in depth questions and provoke more thoughts about your interests and personality. This quiz will also use AI to refine your answer even further and give a more specific answer.[0m
                    [36m</p>[39m
                  [36m</div>[39m
                  [36m<div>[39m
                    [36m<button[39m
                      [33mclass[39m=[32m"btn btn-primary"[39m
                      [33mtype[39m=[32m"button"[39m
                    [36m>[39m
                      [0mTake Quiz![0m
                    [36m</button>[39m
                  [36m</div>[39m
                [36m</div>[39m
              [36m</div>[39m
            [36m</div>[39m
          [36m</div>[39m
          [36m<div[39m
            [33mclass[39m=[32m"container"[39m
          [36m>[39m
            [36m<a[39m
              [33mhref[39m=[32m"https://github.com/MichaelLutz1/starter_helpi"[39m
              [33mrel[39m=[32m"noreferrer"[39m
              [33mtarget[39m=[32m"_blank"[39m
            [36m>[39m
              [36m<button[39m
                [33mclass[39m=[32m"btn btn-secondary"[39m
                [33mtype[39m=[32m"button"[39m
              [36m>[39m
                [36m<svg[39m
                  [33mfill[39m=[32m"currentColor"[39m
                  [33mheight[39m=[32m"1em"[39m
                  [33mstroke[39m=[32m"currentColor"[39m
                  [33mstroke-width[39m=[32m"0"[39m
                  [33mviewBox[39m=[32m"0 0 16 16"[39m
                  [33mwidth[39m=[32m"1em"[39m
                  [33mxmlns[39m=[32m"http://www.w3.org/2000/svg"[39m
                [36m>[39m
                  [36m<path[39m
                    [33md[39m=[32m"M8 0C3.58 0 0 3.58 0 8c0 3.54 2.29 6.53 5.47 7.59.4.07.55-.17.55-.38 0-.19-.01-.82-.01-1.49-2.01.37-2.53-.49-2.69-.94-.09-.23-.48-.94-.82-1.13-.28-.15-.68-.52-.01-.53.63-.01 1.08.58 1.23.82.72 1.21 1.87.87 2.33.66.07-.52.28-.87.51-1.07-1.78-.2-3.64-.89-3.64-3.95 0-.87.31-1.59.82-2.15-.08-.2-.36-1.02.08-2.12 0 0 .67-.21 2.2.82.64-.18 1.32-.27 2-.27.68 0 1.36.09 2 .27 1.53-1.04 2.2-.82 2.2-.82.44 1.1.16 1.92.08 2.12.51.56.82 1.27.82 2.15 0 3.07-1.87 3.75-3.65 3.95.29.25.54.73.54 1.48 0 1.07-.01 1.93-.01 2.2 0 .21.15.46.55.38A8.012 8.012 0 0 0 16 8c0-4.42-3.58-8-8-8z"[39m
                  [36m/>[39m
                [36m</svg>[39m
              [36m</button>[39m
            [36m</a>[39m
            [36m<form[39m
              [33mclass[39m=[32m""[39m
            [36m>[39m
              [36m<div[39m
                [33mclass[39m=[32m"input-group"[39m
              [36m>[39m
                [36m<input[39m
                  [33mclass[39m=[32m"form-control"[39m
                  [33mplaceholder[39m=[32m"Insert API Key Here"[39m
                  [33mtype[39m=[32m"password"[39m
                [36m/>[39m
                [36m<button[39m
                  [33mclass[39m=[32m"Submit-Button btn btn-primary"[39m
                  [33mtype[39m=[32m"button"[39m
                [36m>[39m
                  [0mSubmit[0m
                [36m</button>[39m
              [36m</div>[39m
            [36m</form>[39m
            [36m<div[39m
              [33mclass[39m=[32m"names-container"[39m
            [36m>[39m
              [0mMade by: Michael Forte, Michael Lutz, Jacob Wilber, Colin Parsons[0m
            [36m</div>[39m
          [36m</div>[39m
        [36m</div>[39m
      [36m</div>[39m
    [36m</body>[39m

       5 | test('renders learn react link', () => {
       6 |   render(<App />);
    >  7 |   const linkElement = screen.getByText(/learn react/i);
         |                              ^
       8 |   expect(linkElement).toBeInTheDocument();
       9 | });
      10 |

      at Object.getElementError (node_modules/@testing-library/react/node_modules/@testing-library/dom/dist/config.js:37:19)
      at node_modules/@testing-library/react/node_modules/@testing-library/dom/dist/query-helpers.js:76:38
      at node_modules/@testing-library/react/node_modules/@testing-library/dom/dist/query-helpers.js:52:17
      at getByText (node_modules/@testing-library/react/node_modules/@testing-library/dom/dist/query-helpers.js:95:19)
      at Object.<anonymous> (src/App.test.tsx:7:30)
      at TestScheduler.scheduleTests (node_modules/@jest/core/build/TestScheduler.js:333:13)
      at runJest (node_modules/@jest/core/build/runJest.js:404:19)
      at _run10000 (node_modules/@jest/core/build/cli/index.js:320:7)
      at runCLI (node_modules/@jest/core/build/cli/index.js:173:3)

-------------------------------|---------|----------|---------|---------|-------------------
File                           | % Stmts | % Branch | % Funcs | % Lines | Uncovered Line #s 
-------------------------------|---------|----------|---------|---------|-------------------
All files                      |   39.39 |    41.66 |   35.71 |   39.39 |                   
 src                           |   31.81 |    41.66 |      20 |   31.81 |                   
  App.tsx                      |   63.63 |     62.5 |   33.33 |   63.63 | 15,24-30          
  index.tsx                    |       0 |      100 |     100 |       0 | 8-20              
  reportWebVitals.ts           |       0 |        0 |       0 |       0 | 3-10              
 src/Components/AppFooter      |      75 |      100 |      50 |      75 |                   
  AppFooter.tsx                |      75 |      100 |      50 |      75 | 11                
 src/Components/BasicButton    |      50 |      100 |      50 |      50 |                   
  BasicButtton.tsx             |      50 |      100 |      50 |      50 | 10                
 src/Components/BasicPage      |       0 |      100 |       0 |       0 |                   
  BasicPage.tsx                |       0 |      100 |       0 |       0 | 6                 
 src/Components/DetailedButton |      50 |      100 |      50 |      50 |                   
  DetailedButton.tsx           |      50 |      100 |      50 |      50 | 9                 
 src/Components/DetailedPage   |       0 |      100 |       0 |       0 |                   
  DetailedPage.tsx             |       0 |      100 |       0 |       0 | 4                 
 src/Components/HomeScreen     |     100 |      100 |     100 |     100 |                   
  HomeScreen.tsx               |     100 |      100 |     100 |     100 |                   
-------------------------------|---------|----------|---------|---------|-------------------
Test Suites: 1 failed, 1 total
Tests:       1 failed, 1 total
Snapshots:   0 total
Time:        2.385 s
Ran all test suites.
